mode: set
loopit/internal/services/return_request_service/return_request_service.go:28.33,35.2 1 1
loopit/internal/services/return_request_service/return_request_service.go:37.83,41.16 3 1
loopit/internal/services/return_request_service/return_request_service.go:41.16,44.3 2 1
loopit/internal/services/return_request_service/return_request_service.go:46.2,46.40 1 1
loopit/internal/services/return_request_service/return_request_service.go:46.40,49.3 2 1
loopit/internal/services/return_request_service/return_request_service.go:51.2,53.16 3 1
loopit/internal/services/return_request_service/return_request_service.go:53.16,56.3 2 0
loopit/internal/services/return_request_service/return_request_service.go:58.2,58.40 1 1
loopit/internal/services/return_request_service/return_request_service.go:58.40,61.3 2 1
loopit/internal/services/return_request_service/return_request_service.go:63.2,70.102 2 1
loopit/internal/services/return_request_service/return_request_service.go:70.102,73.3 2 0
loopit/internal/services/return_request_service/return_request_service.go:75.2,75.79 1 1
loopit/internal/services/return_request_service/return_request_service.go:75.79,78.3 2 0
loopit/internal/services/return_request_service/return_request_service.go:80.2,81.12 2 1
loopit/internal/services/return_request_service/return_request_service.go:84.127,87.96 2 1
loopit/internal/services/return_request_service/return_request_service.go:87.96,90.3 2 1
loopit/internal/services/return_request_service/return_request_service.go:92.2,93.16 2 1
loopit/internal/services/return_request_service/return_request_service.go:93.16,96.3 2 0
loopit/internal/services/return_request_service/return_request_service.go:98.2,98.49 1 1
loopit/internal/services/return_request_service/return_request_service.go:98.49,101.3 2 1
loopit/internal/services/return_request_service/return_request_service.go:103.2,104.16 2 1
loopit/internal/services/return_request_service/return_request_service.go:104.16,107.3 2 0
loopit/internal/services/return_request_service/return_request_service.go:109.2,109.28 1 1
loopit/internal/services/return_request_service/return_request_service.go:109.28,112.3 2 1
loopit/internal/services/return_request_service/return_request_service.go:114.2,114.98 1 1
loopit/internal/services/return_request_service/return_request_service.go:114.98,117.3 2 0
loopit/internal/services/return_request_service/return_request_service.go:119.2,120.12 2 1
loopit/internal/services/return_request_service/return_request_service.go:123.101,127.16 3 1
loopit/internal/services/return_request_service/return_request_service.go:127.16,130.3 2 1
loopit/internal/services/return_request_service/return_request_service.go:132.2,133.34 2 1
loopit/internal/services/return_request_service/return_request_service.go:133.34,135.17 2 1
loopit/internal/services/return_request_service/return_request_service.go:135.17,138.4 2 1
loopit/internal/services/return_request_service/return_request_service.go:139.3,139.29 1 1
loopit/internal/services/return_request_service/return_request_service.go:139.29,141.4 1 1
loopit/internal/services/return_request_service/return_request_service.go:144.2,145.26 2 1
