mode: set
loopit/internal/services/buyer_request_service/buyer_request_service.go:32.32,40.2 1 1
loopit/internal/services/buyer_request_service/buyer_request_service.go:42.100,45.16 3 1
loopit/internal/services/buyer_request_service/buyer_request_service.go:45.16,48.3 2 1
loopit/internal/services/buyer_request_service/buyer_request_service.go:49.2,49.34 1 1
loopit/internal/services/buyer_request_service/buyer_request_service.go:49.34,52.3 2 1
loopit/internal/services/buyer_request_service/buyer_request_service.go:54.2,54.44 1 1
loopit/internal/services/buyer_request_service/buyer_request_service.go:54.44,57.3 2 1
loopit/internal/services/buyer_request_service/buyer_request_service.go:59.2,60.16 2 1
loopit/internal/services/buyer_request_service/buyer_request_service.go:60.16,63.3 2 1
loopit/internal/services/buyer_request_service/buyer_request_service.go:64.2,64.34 1 1
loopit/internal/services/buyer_request_service/buyer_request_service.go:64.34,65.66 1 1
loopit/internal/services/buyer_request_service/buyer_request_service.go:65.66,68.4 2 1
loopit/internal/services/buyer_request_service/buyer_request_service.go:71.2,78.74 2 1
loopit/internal/services/buyer_request_service/buyer_request_service.go:78.74,81.3 2 1
loopit/internal/services/buyer_request_service/buyer_request_service.go:83.2,84.12 2 1
loopit/internal/services/buyer_request_service/buyer_request_service.go:87.138,90.38 2 1
loopit/internal/services/buyer_request_service/buyer_request_service.go:90.38,93.3 2 1
loopit/internal/services/buyer_request_service/buyer_request_service.go:95.2,95.80 1 1
loopit/internal/services/buyer_request_service/buyer_request_service.go:95.80,98.3 2 1
loopit/internal/services/buyer_request_service/buyer_request_service.go:100.2,101.16 2 1
loopit/internal/services/buyer_request_service/buyer_request_service.go:101.16,104.3 2 0
loopit/internal/services/buyer_request_service/buyer_request_service.go:106.2,107.29 2 1
loopit/internal/services/buyer_request_service/buyer_request_service.go:107.29,108.37 1 1
loopit/internal/services/buyer_request_service/buyer_request_service.go:108.37,110.9 2 1
loopit/internal/services/buyer_request_service/buyer_request_service.go:113.2,113.16 1 1
loopit/internal/services/buyer_request_service/buyer_request_service.go:113.16,116.3 2 1
loopit/internal/services/buyer_request_service/buyer_request_service.go:118.2,118.41 1 1
loopit/internal/services/buyer_request_service/buyer_request_service.go:118.41,119.109 1 1
loopit/internal/services/buyer_request_service/buyer_request_service.go:119.109,122.4 2 1
loopit/internal/services/buyer_request_service/buyer_request_service.go:123.3,124.13 2 1
loopit/internal/services/buyer_request_service/buyer_request_service.go:127.2,128.16 2 1
loopit/internal/services/buyer_request_service/buyer_request_service.go:128.16,131.3 2 1
loopit/internal/services/buyer_request_service/buyer_request_service.go:133.2,134.16 2 1
loopit/internal/services/buyer_request_service/buyer_request_service.go:134.16,137.3 2 1
loopit/internal/services/buyer_request_service/buyer_request_service.go:139.2,150.58 2 1
loopit/internal/services/buyer_request_service/buyer_request_service.go:150.58,153.3 2 1
loopit/internal/services/buyer_request_service/buyer_request_service.go:155.2,155.108 1 1
loopit/internal/services/buyer_request_service/buyer_request_service.go:155.108,158.3 2 1
loopit/internal/services/buyer_request_service/buyer_request_service.go:160.2,161.12 2 1
loopit/internal/services/buyer_request_service/buyer_request_service.go:164.131,168.16 3 1
loopit/internal/services/buyer_request_service/buyer_request_service.go:168.16,171.3 2 1
loopit/internal/services/buyer_request_service/buyer_request_service.go:173.2,174.31 2 1
loopit/internal/services/buyer_request_service/buyer_request_service.go:174.31,175.33 1 1
loopit/internal/services/buyer_request_service/buyer_request_service.go:175.33,177.4 1 1
loopit/internal/services/buyer_request_service/buyer_request_service.go:180.2,181.20 2 1
