mode: set
loopit/internal/services/order_service/order_service.go:28.25,35.2 1 1
loopit/internal/services/order_service/order_service.go:38.92,41.16 3 1
loopit/internal/services/order_service/order_service.go:41.16,44.3 2 1
loopit/internal/services/order_service/order_service.go:45.2,45.18 1 1
loopit/internal/services/order_service/order_service.go:45.18,48.3 2 1
loopit/internal/services/order_service/order_service.go:50.2,50.88 1 1
loopit/internal/services/order_service/order_service.go:50.88,53.3 2 1
loopit/internal/services/order_service/order_service.go:55.2,55.83 1 1
loopit/internal/services/order_service/order_service.go:55.83,58.3 2 1
loopit/internal/services/order_service/order_service.go:60.2,61.12 2 1
loopit/internal/services/order_service/order_service.go:65.130,68.38 3 1
loopit/internal/services/order_service/order_service.go:68.38,70.3 1 1
loopit/internal/services/order_service/order_service.go:72.2,73.16 2 1
loopit/internal/services/order_service/order_service.go:73.16,76.3 2 1
loopit/internal/services/order_service/order_service.go:77.2,78.20 2 1
loopit/internal/services/order_service/order_service.go:81.94,83.38 2 0
loopit/internal/services/order_service/order_service.go:83.38,86.3 2 0
loopit/internal/services/order_service/order_service.go:88.2,89.16 2 0
loopit/internal/services/order_service/order_service.go:89.16,92.3 2 0
loopit/internal/services/order_service/order_service.go:93.2,94.20 2 0
loopit/internal/services/order_service/order_service.go:98.92,101.16 3 1
loopit/internal/services/order_service/order_service.go:101.16,104.3 2 1
loopit/internal/services/order_service/order_service.go:105.2,105.18 1 1
loopit/internal/services/order_service/order_service.go:105.18,108.3 2 1
loopit/internal/services/order_service/order_service.go:110.2,111.16 2 1
loopit/internal/services/order_service/order_service.go:111.16,114.3 2 1
loopit/internal/services/order_service/order_service.go:115.2,115.20 1 1
loopit/internal/services/order_service/order_service.go:115.20,118.3 2 1
loopit/internal/services/order_service/order_service.go:119.2,119.44 1 1
loopit/internal/services/order_service/order_service.go:119.44,122.3 2 1
loopit/internal/services/order_service/order_service.go:124.2,125.16 2 1
loopit/internal/services/order_service/order_service.go:125.16,128.3 2 1
loopit/internal/services/order_service/order_service.go:130.2,131.36 2 1
loopit/internal/services/order_service/order_service.go:131.36,132.28 1 1
loopit/internal/services/order_service/order_service.go:132.28,134.9 2 1
loopit/internal/services/order_service/order_service.go:137.2,137.15 1 1
loopit/internal/services/order_service/order_service.go:137.15,140.3 2 1
loopit/internal/services/order_service/order_service.go:142.2,142.95 1 1
loopit/internal/services/order_service/order_service.go:142.95,145.3 2 1
loopit/internal/services/order_service/order_service.go:146.2,147.12 2 1
loopit/internal/services/order_service/order_service.go:151.107,153.38 2 1
loopit/internal/services/order_service/order_service.go:153.38,156.3 2 1
loopit/internal/services/order_service/order_service.go:158.2,159.16 2 1
loopit/internal/services/order_service/order_service.go:159.16,162.3 2 1
loopit/internal/services/order_service/order_service.go:164.2,165.36 2 1
loopit/internal/services/order_service/order_service.go:165.36,167.17 2 1
loopit/internal/services/order_service/order_service.go:167.17,170.4 2 1
loopit/internal/services/order_service/order_service.go:171.3,171.19 1 1
loopit/internal/services/order_service/order_service.go:171.19,173.12 2 1
loopit/internal/services/order_service/order_service.go:175.3,175.33 1 1
loopit/internal/services/order_service/order_service.go:178.2,179.20 2 1
